[qingswap.com/index.html]
[backblue.gif]
[fade.gif]
[index.html]
[qingswap.com/img/favicon.png]
[qingswap.com/app/exchange.19.delayed]
[qingswap.com/img/logo.png]
[qingswap.com/app/referrals.php]
[qingswap.com/index-3.html]
[qingswap.com/contact.html]
[qingswap.com/auth/login.html]
[gtranslate.net/flags/16.png]
[qingswap.com/index.html]
[gtranslate.net/flags/16a.png]
[qingswap.com/css/bootstrap.min.css]
[qingswap.com/market.html]
[translate.google.com/translate_a/element7876.js]
[qingswap.com/img/bg-img/bg-patter.png]
[qingswap.com/css/owl.carousel.min.css]
[qingswap.com/auth/register.html]
[qingswap.com/img/bg-img/34.jpg]
[qingswap.com/css/magnific-popup.css]
[s2.coinmarketcap.com/static/img/coins/64x64/1.png]
[s2.coinmarketcap.com/static/img/coins/64x64/1027.png]
[s2.coinmarketcap.com/static/img/coins/64x64/1831.png]
[s2.coinmarketcap.com/static/img/coins/64x64/2.png]
[qingswap.com/css/font-awesome.min.css]
[qingswap.com/img/icon-img/1.png]
[qingswap.com/img/icon-img/2.png]
[qingswap.com/img/icon-img/3.png]
[s2.coinmarketcap.com/static/img/coins/64x64/74.png]
[qingswap.com/css/themify-icons.css]
[qingswap.com/img/footer-logo.png]
[qingswap.com/img/icon-img/4.png]
[qingswap.com/css/nice-select.css]
[qingswap.com/aml-cft-policy.html]
[qingswap.com/privacy-policy.html]
[qingswap.com/js/vendor/jquery-3.6.0.min.js]
[qingswap.com/risk-warning.html]
[qingswap.com/js/jquery.easing.min.js]
[qingswap.com/terms-of-services.html]
[qingswap.com/css/flaticon.css]
[qingswap.com/js/bootstrap.bundle.min.js]
[qingswap.com/css/animate.css]
[qingswap.com/js/scrollIt.js]
[qingswap.com/js/jquery.scrollUp.min.js]
[qingswap.com/js/nice-select.min.js]
[qingswap.com/css/slicknav.css]
[qingswap.com/js/jquery.slicknav.min.js]
[qingswap.com/js/jquery.animatedheadline.min.js]
[qingswap.com/js/date-time.js]
[qingswap.com/css/slick.css]
[qingswap.com/js/slick.min.js]
[qingswap.com/js/owl.carousel.min.js]
[qingswap.com/css/jquery.animatedheadline.css]
[qingswap.com/js/bundle.js]
[qingswap.com/js/main.js]
[qingswap.com/fonts/fontawesome-webfont3e6e3e6e.eot]
[qingswap.com/fonts/fontawesome-webfontd41dd41d.eot]
[qingswap.com/fonts/fontawesome-webfont3e6e3e6e.woff2]
[qingswap.com/fonts/fontawesome-webfont3e6e3e6e.woff]
[qingswap.com/css/classy-nav.css]
[qingswap.com/fonts/themifyd41dd41d.eot]
[qingswap.com/fonts/themify9f249f24.eot]
[qingswap.com/css/style.css]
[qingswap.com/fonts/fontawesome-webfont3e6e3e6e.ttf]
[qingswap.com/fonts/Flaticon.eot]
[qingswap.com/index-2.html]
[qingswap.com/fonts/themify9f249f24.woff]
[qingswap.com/fonts/themify9f249f24.ttf]
[qingswap.com/fonts/Flaticond41dd41d.eot]
[qingswap.com/fonts/Flaticon.woff2]
[qingswap.com/fonts/Flaticon.woff]
[qingswap.com/fonts/Flaticon.ttf]
[qingswap.com/fonts/classy-fontscb9bcb9b.eot]
[qingswap.com/fonts/classy-fontscb9bcb9b.ttf]
[qingswap.com/fonts/classy-fontscb9bcb9b.woff]
[qingswap.com/app/referrals.php]
[qingswap.com/index-3.html]
[s2.coinmarketcap.com/static/img/coins/64x64/1437.png]
[s2.coinmarketcap.com/static/img/coins/64x64/131.png]
[s2.coinmarketcap.com/static/img/coins/64x64/52.png]
[s2.coinmarketcap.com/static/img/coins/64x64/1958.png]
[s2.coinmarketcap.com/static/img/coins/64x64/6636.png]
[s2.coinmarketcap.com/static/img/coins/64x64/512.png]
[s2.coinmarketcap.com/static/img/coins/64x64/109.png]
[s2.coinmarketcap.com/static/img/coins/64x64/328.png]
[s2.coinmarketcap.com/static/img/coins/64x64/825.png]
[s2.coinmarketcap.com/static/img/coins/64x64/2577.png]
[s2.coinmarketcap.com/static/img/coins/64x64/7278.png]
[s2.coinmarketcap.com/static/img/coins/64x64/2010.png]
[s2.coinmarketcap.com/static/img/coins/64x64/2011.png]
[s2.coinmarketcap.com/static/img/coins/64x64/4172.png]
[s2.coinmarketcap.com/static/img/coins/64x64/1975.png]
[s2.coinmarketcap.com/static/img/coins/64x64/3794.png]
[s2.coinmarketcap.com/static/img/coins/64x64/2565.png]
[s2.coinmarketcap.com/static/img/coins/64x64/1567.png]
[s2.coinmarketcap.com/static/img/coins/64x64/1886.png]
[s2.coinmarketcap.com/static/img/coins/64x64/1274.png]
[s2.coinmarketcap.com/static/img/coins/64x64/7288.png]
[s2.coinmarketcap.com/static/img/coins/64x64/5802.png]
[s2.coinmarketcap.com/static/img/coins/64x64/8387.png]
[s2.coinmarketcap.com/static/img/coins/64x64/5804.png]
[s2.coinmarketcap.com/static/img/coins/64x64/4200.png]
[qingswap.com/app/referrals.92.delayed]
[qingswap.com/market.html]
[qingswap.com/contact.html]
[qingswap.com/auth/login.html]
[qingswap.com/auth/register.html]
[qingswap.com/app/images/favicon.png]
[qingswap.com/app/index.html]
[qingswap.com/app/images/logo-full.png]
[qingswap.com/app/vendor/global/global.min.js]
[qingswap.com/auth/forgot-password.html]
[qingswap.com/aml-cft-policy.html]
[qingswap.com/app/vendor/bootstrap-select/dist/js/bootstrap-select.min.js]
[qingswap.com/app/js/custom.min.js]
[qingswap.com/app/js/deznav-init.js]
[qingswap.com/privacy-policy.html]
[qingswap.com/risk-warning.html]
[qingswap.com/terms-of-services.html]
[qingswap.com/css/owl.video.play.html]
[qingswap.com/fonts/fontawesome-webfont3e6e3e6e.svg]
[qingswap.com/fonts/themify9f249f24.svg]
[qingswap.com/fonts/Flaticon.svg]
[qingswap.com/fonts/classy-fontscb9bcb9b.svg]
[qingswap.com/app/vendor/bootstrap-select/dist/css/bootstrap-select.min.css]
[qingswap.com/app/vendor/sweetalert2/dist/sweetalert2.min.js]
[qingswap.com/app/js/plugins-init/sweetalert.init.js]
[qingswap.com/app/css/style.css]
[qingswap.com/app/vendor/sweetalert2/dist/sweetalert2.min.css]
[cdnjs.cloudflare.com/ajax/libs/font-awesome/4.7.0/css/font-awesome.min.css]
[qingswap.com/app/images/pattern/pattern5.png]
[qingswap.com/auth/forgot-password.html]
[qingswap.com/app/index.html]
[qingswap.com/Qingswap.html]
[qingswap.com/app/images/1.jpg]
[qingswap.com/app/images/like.png]
[qingswap.com/app/images/profile/cover.jpg]
[qingswap.com/app/icons/themify-icons/fonts/themify9f249f249f24.eot]
[qingswap.com/app/icons/themify-icons/css/themify-icons.css]
[qingswap.com/app/icons/line-awesome/css/line-awesome.min.css]
[qingswap.com/app/icons/avasta/css/style.css]
[qingswap.com/app/icons/flaticon/flaticon.css]
[qingswap.com/app/icons/icomoon/icomoon.css]
[qingswap.com/app/vendor/animate/animate.min.css]
[qingswap.com/app/vendor/aos/css/aos.min.css]
[qingswap.com/app/vendor/perfect-scrollbar/css/perfect-scrollbar.css]
[qingswap.com/app/vendor/metismenu/css/metisMenu.min.css]
[qingswap.com/auth/images/favicon.html]
[code.tidio.co_443/bpnp4xkz2axqrebqxcezgdca9yot1iyn.js]
[qingswap.com/app/icons/simple-line-icons/fonts/Simple-Line-Iconsd41dd41dd41d.eot]
[qingswap.com/app/icons/simple-line-icons/fonts/Simple-Line-Icons4c824c824c82.ttf]
[qingswap.com/app/icons/simple-line-icons/fonts/Simple-Line-Icons4c824c824c82.eot]
[qingswap.com/app/icons/simple-line-icons/css/simple-line-icons.css]
[qingswap.com/app/icons/font-awesome/css/all.min.css]
[qingswap.com/app/icons/material-design-iconic-font/css/materialdesignicons.min.css]
[qingswap.com/app/icons/themify-icons/fonts/themifyd41dd41dd41d.html]
[qingswap.com/app/icons/themify-icons/fonts/themify.html]
[qingswap.com/app/icons/themify-icons/fonts/themify-2.html]
[qingswap.com/app/icons/themify-icons/fonts/themify9f249f249f24.svg]
[qingswap.com/app/icons/line-awesome/fonts/la-brands-400.html]
[qingswap.com/app/icons/line-awesome/fonts/la-brands-400d41dd41d.html]
[qingswap.com/app/icons/line-awesome/fonts/la-brands-401.html]
[qingswap.com/app/icons/line-awesome/fonts/la-brands-402.html]
[qingswap.com/app/icons/line-awesome/fonts/la-brands-403.html]
[qingswap.com/app/icons/line-awesome/fonts/la-brands-400.svg]
[qingswap.com/app/icons/line-awesome/fonts/la-regular-400.html]
[qingswap.com/app/icons/line-awesome/fonts/la-regular-400d41dd41d.html]
[qingswap.com/app/icons/line-awesome/fonts/la-regular-401.html]
[qingswap.com/app/icons/line-awesome/fonts/la-regular-403.html]
[qingswap.com/app/icons/line-awesome/fonts/la-regular-402.html]
[qingswap.com/app/icons/line-awesome/fonts/la-regular-400.svg]
[qingswap.com/app/icons/line-awesome/fonts/la-solid-900.html]
[qingswap.com/app/icons/line-awesome/fonts/la-solid-900d41dd41d.html]
[qingswap.com/app/icons/line-awesome/fonts/la-solid-901.html]
[qingswap.com/app/icons/line-awesome/fonts/la-solid-902.html]
[qingswap.com/app/icons/line-awesome/fonts/la-solid-903.html]
[qingswap.com/app/icons/line-awesome/fonts/la-solid-900.svg]
[qingswap.com/app/icons/avasta/fonts/avasta.html]
[qingswap.com/app/icons/avasta/fonts/avasta-2.html]
[qingswap.com/app/icons/avasta/fonts/avasta-3.html]
[qingswap.com/app/icons/avasta/fonts/avasta.svg]
[qingswap.com/app/icons/avasta/fonts/avasta-4.html]
[qingswap.com/app/icons/flaticon/Flaticond41dd41d.html]
[qingswap.com/app/icons/flaticon/Flaticon.html]
[qingswap.com/app/icons/flaticon/Flaticon-2.html]
[qingswap.com/app/icons/flaticon/Flaticon-3.html]
[qingswap.com/app/icons/flaticon/Flaticon.svg]
[qingswap.com/app/icons/icomoon/fonts/icomoon-2.html]
[qingswap.com/app/icons/icomoon/fonts/icomoon.html]
[qingswap.com/app/icons/icomoon/fonts/icomoon.svg]
[qingswap.com/app/page-error-404.html]
[qingswap.com/app/icons/simple-line-icons/fonts/Simple-Line-Icons4c824c824c82.html]
[qingswap.com/app/icons/simple-line-icons/fonts/Simple-Line-Icons4c824c824c82.svg]
[qingswap.com/app/icons/icomoon/fonts/icomoon-3.html]
[qingswap.com/app/icons/simple-line-icons/fonts/Simple-Line-Icons4c824c824c82-2.html]
[qingswap.com/app/icons/font-awesome/webfonts/fa-brands-400.html]
[qingswap.com/app/icons/font-awesome/webfonts/fa-brands-400d41dd41d.html]
[qingswap.com/app/icons/font-awesome/webfonts/fa-brands-401.html]
[qingswap.com/app/icons/font-awesome/webfonts/fa-brands-400.svg]
[qingswap.com/app/icons/font-awesome/webfonts/fa-brands-402.html]
[qingswap.com/app/icons/font-awesome/webfonts/fa-brands-403.html]
[qingswap.com/app/icons/font-awesome/webfonts/fa-regular-400.html]
[qingswap.com/app/icons/font-awesome/webfonts/fa-regular-400d41dd41d.html]
[qingswap.com/app/icons/font-awesome/webfonts/fa-regular-400.svg]
[qingswap.com/app/icons/font-awesome/webfonts/fa-regular-401.html]
[qingswap.com/app/icons/font-awesome/webfonts/fa-regular-402.html]
[qingswap.com/app/icons/font-awesome/webfonts/fa-regular-403.html]
[qingswap.com/app/icons/font-awesome/webfonts/fa-solid-900.html]
[qingswap.com/app/icons/font-awesome/webfonts/fa-solid-901.html]
[qingswap.com/app/icons/font-awesome/webfonts/fa-solid-900d41dd41d.html]
[qingswap.com/app/icons/font-awesome/webfonts/fa-solid-902.html]
[qingswap.com/app/icons/font-awesome/webfonts/fa-solid-903.html]
[qingswap.com/app/icons/font-awesome/webfonts/fa-solid-900.svg]
[qingswap.com/app/icons/material-design-iconic-font/fonts/materialdesignicons-webfont683c683c.html]
[qingswap.com/app/icons/material-design-iconic-font/fonts/materialdesignicons-webfontd41dd41d.html]
[qingswap.com/app/icons/material-design-iconic-font/fonts/materialdesignicons-webfont683c683c-2.html]
[qingswap.com/app/icons/material-design-iconic-font/fonts/materialdesignicons-webfont683c683c-3.html]
[qingswap.com/app/icons/material-design-iconic-font/fonts/materialdesignicons-webfont683c683c-4.html]
[qingswap.com/app/icons/material-design-iconic-font/fonts/materialdesignicons-webfont683c683c.svg]
